matmul forced opts
forced_opts: [('TC', 0, (-1, 2, 1))]
runs: 10, warmup: 2, regenerate: False
median kernels/run: 1.0
median: 1564.812 us
min:    714.250 us
max:    1585.833 us
mean:   1400.283 us
all:    1563.875, 725.125, 1565.750, 1567.333, 1577.625, 1579.500, 1562.500, 714.250, 1561.042, 1585.833

beam-search-style _time_program min timings
median: 1562.792 us
min:    722.292 us
max:    1570.500 us
mean:   1323.246 us
mins:   855.500, 1562.875, 1564.500, 1140.042, 1126.250, 1563.167, 1570.500, 722.292, 1562.708, 1564.625
all _time_program calls per run:
  run 1: 855.500, 1137.708, 1174.000
  run 2: 1566.292, 1667.375, 1562.875
  run 3: 1571.625, 1564.500, 1570.458
  run 4: 1140.042, 1469.875, 1565.000
  run 5: 1617.625, 1126.250, 1575.375
  run 6: 1576.250, 1602.167, 1563.167
  run 7: 1572.250, 1570.500, 1573.792
  run 8: 1523.500, 749.000, 722.292
  run 9: 1562.708, 1564.458, 1578.250
  run 10: 1565.500, 1568.917, 1564.625
applied opts per run:
  run 1: [[('TC', 0, (-1, 2, 1))]]
  run 2: [[('TC', 0, (-1, 2, 1))]]
  run 3: [[('TC', 0, (-1, 2, 1))]]
  run 4: [[('TC', 0, (-1, 2, 1))]]
  run 5: [[('TC', 0, (-1, 2, 1))]]
  run 6: [[('TC', 0, (-1, 2, 1))]]
  run 7: [[('TC', 0, (-1, 2, 1))]]
  run 8: [[('TC', 0, (-1, 2, 1))]]
  run 9: [[('TC', 0, (-1, 2, 1))]]
  run 10: [[('TC', 0, (-1, 2, 1))]]
